src/app/admin/AdminClient.tsx(14,36): error TS2307: Cannot find module '@/lib/utils' or its corresponding type declarations.
src/app/admin/AdminClient.tsx(15,26): error TS2307: Cannot find module '@/lib/supabase' or its corresponding type declarations.
src/app/admin/AdminClient.tsx(24,8): error TS2307: Cannot find module '@/app/actions/admin' or its corresponding type declarations.
